// Jest Snapshot v1, https://goo.gl/fbAQLP

exports[`ModalHeader render 1`] = `
.c2 {
  font-size: 16px;
  font-weight: 400;
  line-height: 1.5;
  font-size: 14px;
  font-weight: 700;
}

.c5 {
  -webkit-flex: none;
  -ms-flex: none;
  flex: none;
}

.c4 {
  -webkit-font-smoothing: antialiased;
  display: inline-block;
  vertical-align: middle;
  text-align: center;
  -webkit-text-decoration: none;
  text-decoration: none;
  font-family: inherit;
  font-weight: 600;
  line-height: 1.5;
  cursor: pointer;
  border-radius: 2px;
  background-color: #178afe;
  color: #FFF;
  border-width: 0;
  border-style: solid;
  font-size: 14px;
  padding: 9.5px 18px;
  margin-left: auto;
  padding: 0;
  background-color: transparent;
  color: inherit;
}

.c4:disabled {
  opacity: 0.25;
}

.c4:hover {
  background-color: #126dc9;
}

.c4:hover {
  background-color: transparent;
}

.c4 > div {
  display: -webkit-box;
  display: -webkit-flex;
  display: -ms-flexbox;
  display: flex;
}

.c1 {
  display: -webkit-box;
  display: -webkit-flex;
  display: -ms-flexbox;
  display: flex;
  padding-left: 16px;
  padding-right: 16px;
  color: #FFF;
  background-color: #17fe17;
  height: 40px;
}

.c3 svg {
  vertical-align: top;
}

.c3:focus {
  background-color: #126dc9;
  outline: none;
}

.c0 {
  color: #131e1a;
  font-family: 'Source Sans Pro',Roboto,'Helvetica Neue',Helvetica,Arial,sans-serif;
  line-height: 1.5;
  font-weight: 400;
}

.c0 h1,
.c0 h2,
.c0 h3,
.c0 h4,
.c0 h5,
.c0 h6 {
  font-family: Roboto,'Source Sans Pro','Helvetica Neue',Helvetica,Arial,sans-serif;
}

.c0 * {
  box-sizing: border-box;
}

<div
  class="c0"
>
  <div
    class="c1"
    color="white"
  >
    <div
      class="c2"
      font-size="1"
    >
      test
    </div>
    <button
      class="c3 c4"
      tabindex="1"
      title="Close"
    >
      <div>
        <svg
          class="c5"
          fill="currentcolor"
          height="24"
          viewBox="0 0 24 24"
          width="24"
        >
          <path
            d="M19 6.4L17.6 5 12 10.6 6.4 5 5 6.4l5.6 5.6L5 17.6 6.4 19l5.6-5.6 5.6 5.6 1.4-1.4-5.6-5.6L19 6.4z"
          />
        </svg>
      </div>
    </button>
  </div>
</div>
`;

exports[`SmallModalHeader render 1`] = `
.c1 {
  background-color: #17fe17;
  height: 8px;
}

.c0 {
  color: #131e1a;
  font-family: 'Source Sans Pro',Roboto,'Helvetica Neue',Helvetica,Arial,sans-serif;
  line-height: 1.5;
  font-weight: 400;
}

.c0 h1,
.c0 h2,
.c0 h3,
.c0 h4,
.c0 h5,
.c0 h6 {
  font-family: Roboto,'Source Sans Pro','Helvetica Neue',Helvetica,Arial,sans-serif;
}

.c0 * {
  box-sizing: border-box;
}

<div
  class="c0"
>
  <div
    class="c1"
  />
</div>
`;
