// Jest Snapshot v1, https://goo.gl/fbAQLP

exports[`Hug renders text when array of nodes is provided 1`] = `[Function]`;

exports[`Hug renders text when string is provided 1`] = `[Function]`;

exports[`Hug renders text, icon, and Child 1`] = `[Function]`;

exports[`Hug renders with border-radius from theme on top only 1`] = `
.c1 {
  display: -webkit-box;
  display: -webkit-flex;
  display: -ms-flexbox;
  display: flex;
  padding: 8px;
  color: #FFF;
  background-color: #13cf13;
  -webkit-align-items: center;
  -webkit-box-align: center;
  -ms-flex-align: center;
  align-items: center;
}

.c2 {
  font-size: 16px;
  font-weight: 400;
  line-height: 1.5;
  font-size: 14px;
}

.c0 {
  border: 1px solid #13cf13;
  border-radius: 5px;
  border-top-left-radius: 5px;
  border-top-right-radius: 5px;
  border-bottom-right-radius: 0;
  border-bottom-left-radius: 0;
  overflow: hidden;
}

.c3 > * {
  border: 0 !important;
}

<div
  className="c0"
>
  <div
    className="c1"
    color="white"
  >
    <div
      className="c2"
      fontSize={1}
    />
  </div>
  <div
    className="c3"
  />
</div>
`;
